[I 2026-05-08 13:57:51.335 ServerApp] Extension package jupyter_lsp took 0.5806s to import
[I 2026-05-08 13:57:51.592 ServerApp] Extension package jupyter_server_terminals took 0.2552s to import
[I 2026-05-08 13:57:52.464 ServerApp] jupyter_lsp | extension was successfully linked.
[I 2026-05-08 13:57:52.469 ServerApp] jupyter_server_terminals | extension was successfully linked.
[I 2026-05-08 13:57:52.476 ServerApp] jupyterlab | extension was successfully linked.
[I 2026-05-08 13:57:52.480 ServerApp] notebook | extension was successfully linked.
[I 2026-05-08 13:57:57.863 ServerApp] notebook_shim | extension was successfully linked.
[I 2026-05-08 13:57:58.245 ServerApp] notebook_shim | extension was successfully loaded.
[I 2026-05-08 13:57:58.247 ServerApp] jupyter_lsp | extension was successfully loaded.
[I 2026-05-08 13:57:58.249 ServerApp] jupyter_server_terminals | extension was successfully loaded.
[I 2026-05-08 13:57:58.260 LabApp] JupyterLab extension loaded from /cfs/earth/scratch/vollmflo/.conda/envs/ultralytics/lib/python3.13/site-packages/jupyterlab
[I 2026-05-08 13:57:58.261 LabApp] JupyterLab application directory is /cfs/earth/scratch/vollmflo/.conda/envs/ultralytics/share/jupyter/lab
[I 2026-05-08 13:57:58.262 LabApp] Extension Manager is 'pypi'.
[I 2026-05-08 13:57:58.422 ServerApp] jupyterlab | extension was successfully loaded.
[I 2026-05-08 13:57:58.430 ServerApp] notebook | extension was successfully loaded.
[I 2026-05-08 13:57:58.432 ServerApp] Serving notebooks from local directory: /cfs/earth/scratch/vollmflo/BA
[I 2026-05-08 13:57:58.432 ServerApp] Jupyter Server 2.17.0 is running at:
[I 2026-05-08 13:57:58.432 ServerApp] http://node301:8888/tree
[I 2026-05-08 13:57:58.433 ServerApp]     http://127.0.0.1:8888/tree
[I 2026-05-08 13:57:58.434 ServerApp] Use Control-C to stop this server and shut down all kernels (twice to skip confirmation).
[I 2026-05-08 13:57:58.611 ServerApp] Skipped non-installed server(s): basedpyright, bash-language-server, dockerfile-language-server-nodejs, javascript-typescript-langserver, jedi-language-server, julia-language-server, pyrefly, pyright, python-language-server, python-lsp-server, r-languageserver, sql-language-server, texlab, typescript-language-server, unified-language-server, vscode-css-languageserver-bin, vscode-html-languageserver-bin, vscode-json-languageserver-bin, yaml-language-server
[I 2026-05-08 13:58:13.814 ServerApp] 302 GET / (@192.168.32.71) 0.36ms
[I 2026-05-08 13:58:13.818 JupyterNotebookApp] 302 GET /tree? (@192.168.32.71) 0.37ms
[I 2026-05-08 13:58:20.955 ServerApp] User 892ed0a17ec243d7a3830ac947322884 logged in.
[I 2026-05-08 13:58:20.956 ServerApp] 302 POST /login? (892ed0a17ec243d7a3830ac947322884@192.168.32.71) 185.61ms
[I 2026-05-08 14:03:35.857 ServerApp] Kernel started: 541fd5f5-def1-4dc3-8947-4cea98f7a281
[I 2026-05-08 14:03:40.945 ServerApp] Adapting from protocol version 5.3 (kernel 541fd5f5-def1-4dc3-8947-4cea98f7a281) to 5.4 (client).
[I 2026-05-08 14:03:40.946 ServerApp] Connecting to kernel 541fd5f5-def1-4dc3-8947-4cea98f7a281.
[W 2026-05-08 14:03:40.947 ServerApp] The websocket_ping_timeout (90000) cannot be longer than the websocket_ping_interval (30000).
    Setting websocket_ping_timeout=30000
[W 2026-05-08 14:03:41.873 ServerApp] 404 GET /nbextensions/jupyter-js-widgets/extension.js (@192.168.32.71) 41.70ms referer=None
[W 2026-05-08 14:03:41.874 ServerApp] 404 GET /nbextensions/jupyter-js-widgets/extension.js (@192.168.32.71) 42.38ms referer=None
slurmstepd: error: *** JOB 322661 ON node301 CANCELLED AT 2026-05-08T14:17:12 ***
