[I 2026-05-25 11:41:22.727 ServerApp] jupyter_lsp | extension was successfully linked.
[I 2026-05-25 11:41:22.734 ServerApp] jupyter_server_terminals | extension was successfully linked.
[I 2026-05-25 11:41:22.743 ServerApp] jupyterlab | extension was successfully linked.
[I 2026-05-25 11:41:22.749 ServerApp] notebook | extension was successfully linked.
[I 2026-05-25 11:41:23.445 ServerApp] notebook_shim | extension was successfully linked.
[I 2026-05-25 11:41:23.493 ServerApp] notebook_shim | extension was successfully loaded.
[I 2026-05-25 11:41:23.496 ServerApp] jupyter_lsp | extension was successfully loaded.
[I 2026-05-25 11:41:23.497 ServerApp] jupyter_server_terminals | extension was successfully loaded.
[I 2026-05-25 11:41:23.509 LabApp] JupyterLab extension loaded from /cfs/earth/scratch/vollmflo/.conda/envs/ultralytics/lib/python3.13/site-packages/jupyterlab
[I 2026-05-25 11:41:23.510 LabApp] JupyterLab application directory is /cfs/earth/scratch/vollmflo/.conda/envs/ultralytics/share/jupyter/lab
[I 2026-05-25 11:41:23.512 LabApp] Extension Manager is 'pypi'.
[I 2026-05-25 11:41:23.645 ServerApp] jupyterlab | extension was successfully loaded.
[I 2026-05-25 11:41:23.656 ServerApp] notebook | extension was successfully loaded.
[I 2026-05-25 11:41:23.657 ServerApp] Serving notebooks from local directory: /cfs/earth/scratch/vollmflo/BA
[I 2026-05-25 11:41:23.657 ServerApp] Jupyter Server 2.17.0 is running at:
[I 2026-05-25 11:41:23.658 ServerApp] http://node301:8888/tree
[I 2026-05-25 11:41:23.658 ServerApp]     http://127.0.0.1:8888/tree
[I 2026-05-25 11:41:23.659 ServerApp] Use Control-C to stop this server and shut down all kernels (twice to skip confirmation).
[I 2026-05-25 11:41:23.862 ServerApp] Skipped non-installed server(s): basedpyright, bash-language-server, dockerfile-language-server-nodejs, javascript-typescript-langserver, jedi-language-server, julia-language-server, pyrefly, pyright, python-language-server, python-lsp-server, r-languageserver, sql-language-server, texlab, typescript-language-server, unified-language-server, vscode-css-languageserver-bin, vscode-html-languageserver-bin, vscode-json-languageserver-bin, yaml-language-server
[I 2026-05-25 11:41:24.662 ServerApp] 302 GET / (@192.168.32.71) 0.50ms
[I 2026-05-25 11:41:24.666 JupyterNotebookApp] 302 GET /tree? (@192.168.32.71) 0.48ms
[I 2026-05-25 11:41:29.951 ServerApp] User c9ff01b1ab0049cd9703bbc85d935dbc logged in.
[I 2026-05-25 11:41:29.952 ServerApp] 302 POST /login? (c9ff01b1ab0049cd9703bbc85d935dbc@192.168.32.71) 44.37ms
[W 2026-05-25 11:41:30.190 ServerApp] 404 GET /api/kernels/15b49061-1078-44dd-82a5-79b0dc9245d1/channels?session_id=cd84521f-06f6-4fd4-8cbf-678f6dbdf80e (192.168.32.71): Kernel does not exist: 15b49061-1078-44dd-82a5-79b0dc9245d1
[W 2026-05-25 11:41:30.200 ServerApp] 404 GET /api/kernels/15b49061-1078-44dd-82a5-79b0dc9245d1/channels?session_id=cd84521f-06f6-4fd4-8cbf-678f6dbdf80e (c9ff01b1ab0049cd9703bbc85d935dbc@192.168.32.71) 10.84ms referer=None
[W 2026-05-25 11:41:30.206 ServerApp] 404 GET /api/kernels/15b49061-1078-44dd-82a5-79b0dc9245d1?1779702090202 (192.168.32.71): Kernel does not exist: 15b49061-1078-44dd-82a5-79b0dc9245d1
[W 2026-05-25 11:41:30.207 ServerApp] wrote error: 'Kernel does not exist: 15b49061-1078-44dd-82a5-79b0dc9245d1'
    Traceback (most recent call last):
      File "/cfs/earth/scratch/vollmflo/.conda/envs/ultralytics/lib/python3.13/site-packages/tornado/web.py", line 1859, in _execute
        result = await result
                 ^^^^^^^^^^^^
      File "/cfs/earth/scratch/vollmflo/.conda/envs/ultralytics/lib/python3.13/site-packages/jupyter_server/auth/decorator.py", line 73, in inner
        return await out
               ^^^^^^^^^
      File "/cfs/earth/scratch/vollmflo/.conda/envs/ultralytics/lib/python3.13/site-packages/jupyter_server/services/kernels/handlers.py", line 75, in get
        model = await ensure_async(km.kernel_model(kernel_id))
                                   ~~~~~~~~~~~~~~~^^^^^^^^^^^
      File "/cfs/earth/scratch/vollmflo/.conda/envs/ultralytics/lib/python3.13/site-packages/jupyter_server/services/kernels/kernelmanager.py", line 513, in kernel_model
        self._check_kernel_id(kernel_id)
        ~~~~~~~~~~~~~~~~~~~~~^^^^^^^^^^^
      File "/cfs/earth/scratch/vollmflo/.conda/envs/ultralytics/lib/python3.13/site-packages/jupyter_server/services/kernels/kernelmanager.py", line 544, in _check_kernel_id
        raise web.HTTPError(404, "Kernel does not exist: %s" % kernel_id)
    tornado.web.HTTPError: HTTP 404: Not Found (Kernel does not exist: 15b49061-1078-44dd-82a5-79b0dc9245d1)
[W 2026-05-25 11:41:30.317 ServerApp] 404 GET /api/kernels/15b49061-1078-44dd-82a5-79b0dc9245d1?1779702090202 (c9ff01b1ab0049cd9703bbc85d935dbc@192.168.32.71) 111.92ms referer=None
[W 2026-05-25 11:41:30.322 ServerApp] 404 GET /api/kernels/15b49061-1078-44dd-82a5-79b0dc9245d1/channels?session_id=cd84521f-06f6-4fd4-8cbf-678f6dbdf80e (192.168.32.71): Kernel does not exist: 15b49061-1078-44dd-82a5-79b0dc9245d1
[W 2026-05-25 11:41:30.324 ServerApp] 404 GET /api/kernels/15b49061-1078-44dd-82a5-79b0dc9245d1/channels?session_id=cd84521f-06f6-4fd4-8cbf-678f6dbdf80e (c9ff01b1ab0049cd9703bbc85d935dbc@192.168.32.71) 2.24ms referer=None
[W 2026-05-25 11:41:30.326 ServerApp] 404 GET /api/kernels/15b49061-1078-44dd-82a5-79b0dc9245d1?1779702090324 (192.168.32.71): Kernel does not exist: 15b49061-1078-44dd-82a5-79b0dc9245d1
[W 2026-05-25 11:41:30.327 ServerApp] wrote error: 'Kernel does not exist: 15b49061-1078-44dd-82a5-79b0dc9245d1'
    Traceback (most recent call last):
      File "/cfs/earth/scratch/vollmflo/.conda/envs/ultralytics/lib/python3.13/site-packages/tornado/web.py", line 1859, in _execute
        result = await result
                 ^^^^^^^^^^^^
      File "/cfs/earth/scratch/vollmflo/.conda/envs/ultralytics/lib/python3.13/site-packages/jupyter_server/auth/decorator.py", line 73, in inner
        return await out
               ^^^^^^^^^
      File "/cfs/earth/scratch/vollmflo/.conda/envs/ultralytics/lib/python3.13/site-packages/jupyter_server/services/kernels/handlers.py", line 75, in get
        model = await ensure_async(km.kernel_model(kernel_id))
                                   ~~~~~~~~~~~~~~~^^^^^^^^^^^
      File "/cfs/earth/scratch/vollmflo/.conda/envs/ultralytics/lib/python3.13/site-packages/jupyter_server/services/kernels/kernelmanager.py", line 513, in kernel_model
        self._check_kernel_id(kernel_id)
        ~~~~~~~~~~~~~~~~~~~~~^^^^^^^^^^^
      File "/cfs/earth/scratch/vollmflo/.conda/envs/ultralytics/lib/python3.13/site-packages/jupyter_server/services/kernels/kernelmanager.py", line 544, in _check_kernel_id
        raise web.HTTPError(404, "Kernel does not exist: %s" % kernel_id)
    tornado.web.HTTPError: HTTP 404: Not Found (Kernel does not exist: 15b49061-1078-44dd-82a5-79b0dc9245d1)
[W 2026-05-25 11:41:30.330 ServerApp] 404 GET /api/kernels/15b49061-1078-44dd-82a5-79b0dc9245d1?1779702090324 (c9ff01b1ab0049cd9703bbc85d935dbc@192.168.32.71) 4.45ms referer=None
[W 2026-05-25 11:41:30.803 ServerApp] 404 GET /api/kernels/15b49061-1078-44dd-82a5-79b0dc9245d1/channels?session_id=cd84521f-06f6-4fd4-8cbf-678f6dbdf80e (192.168.32.71): Kernel does not exist: 15b49061-1078-44dd-82a5-79b0dc9245d1
[W 2026-05-25 11:41:30.806 ServerApp] 404 GET /api/kernels/15b49061-1078-44dd-82a5-79b0dc9245d1/channels?session_id=cd84521f-06f6-4fd4-8cbf-678f6dbdf80e (c9ff01b1ab0049cd9703bbc85d935dbc@192.168.32.71) 2.57ms referer=None
[W 2026-05-25 11:41:30.808 ServerApp] 404 GET /api/kernels/15b49061-1078-44dd-82a5-79b0dc9245d1?1779702090806 (192.168.32.71): Kernel does not exist: 15b49061-1078-44dd-82a5-79b0dc9245d1
[W 2026-05-25 11:41:30.808 ServerApp] wrote error: 'Kernel does not exist: 15b49061-1078-44dd-82a5-79b0dc9245d1'
    Traceback (most recent call last):
      File "/cfs/earth/scratch/vollmflo/.conda/envs/ultralytics/lib/python3.13/site-packages/tornado/web.py", line 1859, in _execute
        result = await result
                 ^^^^^^^^^^^^
      File "/cfs/earth/scratch/vollmflo/.conda/envs/ultralytics/lib/python3.13/site-packages/jupyter_server/auth/decorator.py", line 73, in inner
        return await out
               ^^^^^^^^^
      File "/cfs/earth/scratch/vollmflo/.conda/envs/ultralytics/lib/python3.13/site-packages/jupyter_server/services/kernels/handlers.py", line 75, in get
        model = await ensure_async(km.kernel_model(kernel_id))
                                   ~~~~~~~~~~~~~~~^^^^^^^^^^^
      File "/cfs/earth/scratch/vollmflo/.conda/envs/ultralytics/lib/python3.13/site-packages/jupyter_server/services/kernels/kernelmanager.py", line 513, in kernel_model
        self._check_kernel_id(kernel_id)
        ~~~~~~~~~~~~~~~~~~~~~^^^^^^^^^^^
      File "/cfs/earth/scratch/vollmflo/.conda/envs/ultralytics/lib/python3.13/site-packages/jupyter_server/services/kernels/kernelmanager.py", line 544, in _check_kernel_id
        raise web.HTTPError(404, "Kernel does not exist: %s" % kernel_id)
    tornado.web.HTTPError: HTTP 404: Not Found (Kernel does not exist: 15b49061-1078-44dd-82a5-79b0dc9245d1)
[W 2026-05-25 11:41:30.810 ServerApp] 404 GET /api/kernels/15b49061-1078-44dd-82a5-79b0dc9245d1?1779702090806 (c9ff01b1ab0049cd9703bbc85d935dbc@192.168.32.71) 2.85ms referer=None
[W 2026-05-25 11:41:32.831 ServerApp] 404 GET /api/kernels/15b49061-1078-44dd-82a5-79b0dc9245d1/channels?session_id=cd84521f-06f6-4fd4-8cbf-678f6dbdf80e (192.168.32.71): Kernel does not exist: 15b49061-1078-44dd-82a5-79b0dc9245d1
[W 2026-05-25 11:41:32.834 ServerApp] 404 GET /api/kernels/15b49061-1078-44dd-82a5-79b0dc9245d1/channels?session_id=cd84521f-06f6-4fd4-8cbf-678f6dbdf80e (c9ff01b1ab0049cd9703bbc85d935dbc@192.168.32.71) 3.64ms referer=None
[W 2026-05-25 11:41:32.836 ServerApp] 404 GET /api/kernels/15b49061-1078-44dd-82a5-79b0dc9245d1?1779702092835 (192.168.32.71): Kernel does not exist: 15b49061-1078-44dd-82a5-79b0dc9245d1
[W 2026-05-25 11:41:32.837 ServerApp] wrote error: 'Kernel does not exist: 15b49061-1078-44dd-82a5-79b0dc9245d1'
    Traceback (most recent call last):
      File "/cfs/earth/scratch/vollmflo/.conda/envs/ultralytics/lib/python3.13/site-packages/tornado/web.py", line 1859, in _execute
        result = await result
                 ^^^^^^^^^^^^
      File "/cfs/earth/scratch/vollmflo/.conda/envs/ultralytics/lib/python3.13/site-packages/jupyter_server/auth/decorator.py", line 73, in inner
        return await out
               ^^^^^^^^^
      File "/cfs/earth/scratch/vollmflo/.conda/envs/ultralytics/lib/python3.13/site-packages/jupyter_server/services/kernels/handlers.py", line 75, in get
        model = await ensure_async(km.kernel_model(kernel_id))
                                   ~~~~~~~~~~~~~~~^^^^^^^^^^^
      File "/cfs/earth/scratch/vollmflo/.conda/envs/ultralytics/lib/python3.13/site-packages/jupyter_server/services/kernels/kernelmanager.py", line 513, in kernel_model
        self._check_kernel_id(kernel_id)
        ~~~~~~~~~~~~~~~~~~~~~^^^^^^^^^^^
      File "/cfs/earth/scratch/vollmflo/.conda/envs/ultralytics/lib/python3.13/site-packages/jupyter_server/services/kernels/kernelmanager.py", line 544, in _check_kernel_id
        raise web.HTTPError(404, "Kernel does not exist: %s" % kernel_id)
    tornado.web.HTTPError: HTTP 404: Not Found (Kernel does not exist: 15b49061-1078-44dd-82a5-79b0dc9245d1)
[W 2026-05-25 11:41:32.840 ServerApp] 404 GET /api/kernels/15b49061-1078-44dd-82a5-79b0dc9245d1?1779702092835 (c9ff01b1ab0049cd9703bbc85d935dbc@192.168.32.71) 3.59ms referer=None
[W 2026-05-25 11:41:36.273 ServerApp] 404 GET /api/kernels/15b49061-1078-44dd-82a5-79b0dc9245d1/channels?session_id=cd84521f-06f6-4fd4-8cbf-678f6dbdf80e (192.168.32.71): Kernel does not exist: 15b49061-1078-44dd-82a5-79b0dc9245d1
[W 2026-05-25 11:41:36.275 ServerApp] 404 GET /api/kernels/15b49061-1078-44dd-82a5-79b0dc9245d1/channels?session_id=cd84521f-06f6-4fd4-8cbf-678f6dbdf80e (c9ff01b1ab0049cd9703bbc85d935dbc@192.168.32.71) 2.63ms referer=None
[W 2026-05-25 11:41:36.278 ServerApp] 404 GET /api/kernels/15b49061-1078-44dd-82a5-79b0dc9245d1?1779702096275 (192.168.32.71): Kernel does not exist: 15b49061-1078-44dd-82a5-79b0dc9245d1
[W 2026-05-25 11:41:36.278 ServerApp] wrote error: 'Kernel does not exist: 15b49061-1078-44dd-82a5-79b0dc9245d1'
    Traceback (most recent call last):
      File "/cfs/earth/scratch/vollmflo/.conda/envs/ultralytics/lib/python3.13/site-packages/tornado/web.py", line 1859, in _execute
        result = await result
                 ^^^^^^^^^^^^
      File "/cfs/earth/scratch/vollmflo/.conda/envs/ultralytics/lib/python3.13/site-packages/jupyter_server/auth/decorator.py", line 73, in inner
        return await out
               ^^^^^^^^^
      File "/cfs/earth/scratch/vollmflo/.conda/envs/ultralytics/lib/python3.13/site-packages/jupyter_server/services/kernels/handlers.py", line 75, in get
        model = await ensure_async(km.kernel_model(kernel_id))
                                   ~~~~~~~~~~~~~~~^^^^^^^^^^^
      File "/cfs/earth/scratch/vollmflo/.conda/envs/ultralytics/lib/python3.13/site-packages/jupyter_server/services/kernels/kernelmanager.py", line 513, in kernel_model
        self._check_kernel_id(kernel_id)
        ~~~~~~~~~~~~~~~~~~~~~^^^^^^^^^^^
      File "/cfs/earth/scratch/vollmflo/.conda/envs/ultralytics/lib/python3.13/site-packages/jupyter_server/services/kernels/kernelmanager.py", line 544, in _check_kernel_id
        raise web.HTTPError(404, "Kernel does not exist: %s" % kernel_id)
    tornado.web.HTTPError: HTTP 404: Not Found (Kernel does not exist: 15b49061-1078-44dd-82a5-79b0dc9245d1)
[W 2026-05-25 11:41:36.281 ServerApp] 404 GET /api/kernels/15b49061-1078-44dd-82a5-79b0dc9245d1?1779702096275 (c9ff01b1ab0049cd9703bbc85d935dbc@192.168.32.71) 3.48ms referer=None
[I 2026-05-25 11:41:43.963 ServerApp] Kernel started: 7ba4d1ef-0239-444b-9e06-64d0fb744b67
[I 2026-05-25 11:41:45.537 ServerApp] Adapting from protocol version 5.3 (kernel 7ba4d1ef-0239-444b-9e06-64d0fb744b67) to 5.4 (client).
[I 2026-05-25 11:41:45.538 ServerApp] Connecting to kernel 7ba4d1ef-0239-444b-9e06-64d0fb744b67.
[W 2026-05-25 11:41:45.540 ServerApp] The websocket_ping_timeout (90000) cannot be longer than the websocket_ping_interval (30000).
    Setting websocket_ping_timeout=30000
[W 2026-05-25 11:41:46.180 ServerApp] 404 GET /nbextensions/jupyter-js-widgets/extension.js (@192.168.32.71) 2.20ms referer=None
[W 2026-05-25 11:41:46.181 ServerApp] 404 GET /nbextensions/jupyter-js-widgets/extension.js (@192.168.32.71) 0.72ms referer=None
slurmstepd: error: *** JOB 337366 ON node301 CANCELLED AT 2026-05-25T12:11:32 ***
