[I 2026-05-08 15:34:43.942 ServerApp] jupyter_lsp | extension was successfully linked.
[I 2026-05-08 15:34:43.951 ServerApp] jupyter_server_terminals | extension was successfully linked.
[I 2026-05-08 15:34:43.961 ServerApp] jupyterlab | extension was successfully linked.
[I 2026-05-08 15:34:43.969 ServerApp] notebook | extension was successfully linked.
[I 2026-05-08 15:34:44.852 ServerApp] notebook_shim | extension was successfully linked.
[I 2026-05-08 15:34:44.910 ServerApp] notebook_shim | extension was successfully loaded.
[I 2026-05-08 15:34:44.913 ServerApp] jupyter_lsp | extension was successfully loaded.
[I 2026-05-08 15:34:44.915 ServerApp] jupyter_server_terminals | extension was successfully loaded.
[I 2026-05-08 15:34:44.932 LabApp] JupyterLab extension loaded from /cfs/earth/scratch/vollmflo/.conda/envs/ultralytics/lib/python3.13/site-packages/jupyterlab
[I 2026-05-08 15:34:44.933 LabApp] JupyterLab application directory is /cfs/earth/scratch/vollmflo/.conda/envs/ultralytics/share/jupyter/lab
[I 2026-05-08 15:34:44.937 LabApp] Extension Manager is 'pypi'.
[I 2026-05-08 15:34:45.078 ServerApp] jupyterlab | extension was successfully loaded.
[I 2026-05-08 15:34:45.091 ServerApp] notebook | extension was successfully loaded.
[I 2026-05-08 15:34:45.092 ServerApp] Serving notebooks from local directory: /cfs/earth/scratch/vollmflo/BA
[I 2026-05-08 15:34:45.093 ServerApp] Jupyter Server 2.17.0 is running at:
[I 2026-05-08 15:34:45.094 ServerApp] http://node301:8888/tree
[I 2026-05-08 15:34:45.095 ServerApp]     http://127.0.0.1:8888/tree
[I 2026-05-08 15:34:45.096 ServerApp] Use Control-C to stop this server and shut down all kernels (twice to skip confirmation).
[I 2026-05-08 15:34:45.353 ServerApp] Skipped non-installed server(s): basedpyright, bash-language-server, dockerfile-language-server-nodejs, javascript-typescript-langserver, jedi-language-server, julia-language-server, pyrefly, pyright, python-language-server, python-lsp-server, r-languageserver, sql-language-server, texlab, typescript-language-server, unified-language-server, vscode-css-languageserver-bin, vscode-html-languageserver-bin, vscode-json-languageserver-bin, yaml-language-server
[W 2026-05-08 15:34:50.166 ServerApp] 404 GET /api/kernels/541fd5f5-def1-4dc3-8947-4cea98f7a281?1778247274717 (192.168.32.71): Kernel does not exist: 541fd5f5-def1-4dc3-8947-4cea98f7a281
[W 2026-05-08 15:34:50.167 ServerApp] wrote error: 'Kernel does not exist: 541fd5f5-def1-4dc3-8947-4cea98f7a281'
    Traceback (most recent call last):
      File "/cfs/earth/scratch/vollmflo/.conda/envs/ultralytics/lib/python3.13/site-packages/tornado/web.py", line 1859, in _execute
        result = await result
                 ^^^^^^^^^^^^
      File "/cfs/earth/scratch/vollmflo/.conda/envs/ultralytics/lib/python3.13/site-packages/jupyter_server/auth/decorator.py", line 73, in inner
        return await out
               ^^^^^^^^^
      File "/cfs/earth/scratch/vollmflo/.conda/envs/ultralytics/lib/python3.13/site-packages/jupyter_server/services/kernels/handlers.py", line 75, in get
        model = await ensure_async(km.kernel_model(kernel_id))
                                   ~~~~~~~~~~~~~~~^^^^^^^^^^^
      File "/cfs/earth/scratch/vollmflo/.conda/envs/ultralytics/lib/python3.13/site-packages/jupyter_server/services/kernels/kernelmanager.py", line 513, in kernel_model
        self._check_kernel_id(kernel_id)
        ~~~~~~~~~~~~~~~~~~~~~^^^^^^^^^^^
      File "/cfs/earth/scratch/vollmflo/.conda/envs/ultralytics/lib/python3.13/site-packages/jupyter_server/services/kernels/kernelmanager.py", line 544, in _check_kernel_id
        raise web.HTTPError(404, "Kernel does not exist: %s" % kernel_id)
    tornado.web.HTTPError: HTTP 404: Not Found (Kernel does not exist: 541fd5f5-def1-4dc3-8947-4cea98f7a281)
[W 2026-05-08 15:34:50.278 ServerApp] 404 GET /api/kernels/541fd5f5-def1-4dc3-8947-4cea98f7a281?1778247274717 (892ed0a17ec243d7a3830ac947322884@192.168.32.71) 113.02ms referer=None
[W 2026-05-08 15:34:51.131 ServerApp] 404 GET /api/kernels/541fd5f5-def1-4dc3-8947-4cea98f7a281/channels?session_id=fa7e0b18-ce20-43a2-ab71-9027a78a24fa (192.168.32.71): Kernel does not exist: 541fd5f5-def1-4dc3-8947-4cea98f7a281
[W 2026-05-08 15:34:51.162 ServerApp] 404 GET /api/kernels/541fd5f5-def1-4dc3-8947-4cea98f7a281/channels?session_id=fa7e0b18-ce20-43a2-ab71-9027a78a24fa (892ed0a17ec243d7a3830ac947322884@192.168.32.71) 31.55ms referer=None
[W 2026-05-08 15:34:51.166 ServerApp] 404 GET /api/kernels/541fd5f5-def1-4dc3-8947-4cea98f7a281?1778247291163 (192.168.32.71): Kernel does not exist: 541fd5f5-def1-4dc3-8947-4cea98f7a281
[W 2026-05-08 15:34:51.167 ServerApp] wrote error: 'Kernel does not exist: 541fd5f5-def1-4dc3-8947-4cea98f7a281'
    Traceback (most recent call last):
      File "/cfs/earth/scratch/vollmflo/.conda/envs/ultralytics/lib/python3.13/site-packages/tornado/web.py", line 1859, in _execute
        result = await result
                 ^^^^^^^^^^^^
      File "/cfs/earth/scratch/vollmflo/.conda/envs/ultralytics/lib/python3.13/site-packages/jupyter_server/auth/decorator.py", line 73, in inner
        return await out
               ^^^^^^^^^
      File "/cfs/earth/scratch/vollmflo/.conda/envs/ultralytics/lib/python3.13/site-packages/jupyter_server/services/kernels/handlers.py", line 75, in get
        model = await ensure_async(km.kernel_model(kernel_id))
                                   ~~~~~~~~~~~~~~~^^^^^^^^^^^
      File "/cfs/earth/scratch/vollmflo/.conda/envs/ultralytics/lib/python3.13/site-packages/jupyter_server/services/kernels/kernelmanager.py", line 513, in kernel_model
        self._check_kernel_id(kernel_id)
        ~~~~~~~~~~~~~~~~~~~~~^^^^^^^^^^^
      File "/cfs/earth/scratch/vollmflo/.conda/envs/ultralytics/lib/python3.13/site-packages/jupyter_server/services/kernels/kernelmanager.py", line 544, in _check_kernel_id
        raise web.HTTPError(404, "Kernel does not exist: %s" % kernel_id)
    tornado.web.HTTPError: HTTP 404: Not Found (Kernel does not exist: 541fd5f5-def1-4dc3-8947-4cea98f7a281)
[W 2026-05-08 15:34:51.171 ServerApp] 404 GET /api/kernels/541fd5f5-def1-4dc3-8947-4cea98f7a281?1778247291163 (892ed0a17ec243d7a3830ac947322884@192.168.32.71) 4.72ms referer=None
[W 2026-05-08 15:34:52.966 ServerApp] 404 GET /api/kernels/541fd5f5-def1-4dc3-8947-4cea98f7a281/channels?session_id=fa7e0b18-ce20-43a2-ab71-9027a78a24fa (192.168.32.71): Kernel does not exist: 541fd5f5-def1-4dc3-8947-4cea98f7a281
[W 2026-05-08 15:34:52.972 ServerApp] 404 GET /api/kernels/541fd5f5-def1-4dc3-8947-4cea98f7a281/channels?session_id=fa7e0b18-ce20-43a2-ab71-9027a78a24fa (892ed0a17ec243d7a3830ac947322884@192.168.32.71) 6.74ms referer=None
[W 2026-05-08 15:34:52.975 ServerApp] 404 GET /api/kernels/541fd5f5-def1-4dc3-8947-4cea98f7a281?1778247292973 (192.168.32.71): Kernel does not exist: 541fd5f5-def1-4dc3-8947-4cea98f7a281
[W 2026-05-08 15:34:52.976 ServerApp] wrote error: 'Kernel does not exist: 541fd5f5-def1-4dc3-8947-4cea98f7a281'
    Traceback (most recent call last):
      File "/cfs/earth/scratch/vollmflo/.conda/envs/ultralytics/lib/python3.13/site-packages/tornado/web.py", line 1859, in _execute
        result = await result
                 ^^^^^^^^^^^^
      File "/cfs/earth/scratch/vollmflo/.conda/envs/ultralytics/lib/python3.13/site-packages/jupyter_server/auth/decorator.py", line 73, in inner
        return await out
               ^^^^^^^^^
      File "/cfs/earth/scratch/vollmflo/.conda/envs/ultralytics/lib/python3.13/site-packages/jupyter_server/services/kernels/handlers.py", line 75, in get
        model = await ensure_async(km.kernel_model(kernel_id))
                                   ~~~~~~~~~~~~~~~^^^^^^^^^^^
      File "/cfs/earth/scratch/vollmflo/.conda/envs/ultralytics/lib/python3.13/site-packages/jupyter_server/services/kernels/kernelmanager.py", line 513, in kernel_model
        self._check_kernel_id(kernel_id)
        ~~~~~~~~~~~~~~~~~~~~~^^^^^^^^^^^
      File "/cfs/earth/scratch/vollmflo/.conda/envs/ultralytics/lib/python3.13/site-packages/jupyter_server/services/kernels/kernelmanager.py", line 544, in _check_kernel_id
        raise web.HTTPError(404, "Kernel does not exist: %s" % kernel_id)
    tornado.web.HTTPError: HTTP 404: Not Found (Kernel does not exist: 541fd5f5-def1-4dc3-8947-4cea98f7a281)
[W 2026-05-08 15:34:52.978 ServerApp] 404 GET /api/kernels/541fd5f5-def1-4dc3-8947-4cea98f7a281?1778247292973 (892ed0a17ec243d7a3830ac947322884@192.168.32.71) 3.69ms referer=None
[W 2026-05-08 15:34:56.183 ServerApp] 404 GET /api/kernels/541fd5f5-def1-4dc3-8947-4cea98f7a281/channels?session_id=fa7e0b18-ce20-43a2-ab71-9027a78a24fa (192.168.32.71): Kernel does not exist: 541fd5f5-def1-4dc3-8947-4cea98f7a281
[W 2026-05-08 15:34:56.186 ServerApp] 404 GET /api/kernels/541fd5f5-def1-4dc3-8947-4cea98f7a281/channels?session_id=fa7e0b18-ce20-43a2-ab71-9027a78a24fa (892ed0a17ec243d7a3830ac947322884@192.168.32.71) 3.43ms referer=None
[W 2026-05-08 15:34:56.190 ServerApp] 404 GET /api/kernels/541fd5f5-def1-4dc3-8947-4cea98f7a281?1778247296187 (192.168.32.71): Kernel does not exist: 541fd5f5-def1-4dc3-8947-4cea98f7a281
[W 2026-05-08 15:34:56.191 ServerApp] wrote error: 'Kernel does not exist: 541fd5f5-def1-4dc3-8947-4cea98f7a281'
    Traceback (most recent call last):
      File "/cfs/earth/scratch/vollmflo/.conda/envs/ultralytics/lib/python3.13/site-packages/tornado/web.py", line 1859, in _execute
        result = await result
                 ^^^^^^^^^^^^
      File "/cfs/earth/scratch/vollmflo/.conda/envs/ultralytics/lib/python3.13/site-packages/jupyter_server/auth/decorator.py", line 73, in inner
        return await out
               ^^^^^^^^^
      File "/cfs/earth/scratch/vollmflo/.conda/envs/ultralytics/lib/python3.13/site-packages/jupyter_server/services/kernels/handlers.py", line 75, in get
        model = await ensure_async(km.kernel_model(kernel_id))
                                   ~~~~~~~~~~~~~~~^^^^^^^^^^^
      File "/cfs/earth/scratch/vollmflo/.conda/envs/ultralytics/lib/python3.13/site-packages/jupyter_server/services/kernels/kernelmanager.py", line 513, in kernel_model
        self._check_kernel_id(kernel_id)
        ~~~~~~~~~~~~~~~~~~~~~^^^^^^^^^^^
      File "/cfs/earth/scratch/vollmflo/.conda/envs/ultralytics/lib/python3.13/site-packages/jupyter_server/services/kernels/kernelmanager.py", line 544, in _check_kernel_id
        raise web.HTTPError(404, "Kernel does not exist: %s" % kernel_id)
    tornado.web.HTTPError: HTTP 404: Not Found (Kernel does not exist: 541fd5f5-def1-4dc3-8947-4cea98f7a281)
[W 2026-05-08 15:34:56.193 ServerApp] 404 GET /api/kernels/541fd5f5-def1-4dc3-8947-4cea98f7a281?1778247296187 (892ed0a17ec243d7a3830ac947322884@192.168.32.71) 3.53ms referer=None
[W 2026-05-08 15:34:58.590 ServerApp] 404 GET /api/kernels/541fd5f5-def1-4dc3-8947-4cea98f7a281/channels?session_id=fa7e0b18-ce20-43a2-ab71-9027a78a24fa (192.168.32.71): Kernel does not exist: 541fd5f5-def1-4dc3-8947-4cea98f7a281
[W 2026-05-08 15:34:58.596 ServerApp] 404 GET /api/kernels/541fd5f5-def1-4dc3-8947-4cea98f7a281/channels?session_id=fa7e0b18-ce20-43a2-ab71-9027a78a24fa (892ed0a17ec243d7a3830ac947322884@192.168.32.71) 6.06ms referer=None
[W 2026-05-08 15:34:58.599 ServerApp] 404 GET /api/kernels/541fd5f5-def1-4dc3-8947-4cea98f7a281?1778247298596 (192.168.32.71): Kernel does not exist: 541fd5f5-def1-4dc3-8947-4cea98f7a281
[W 2026-05-08 15:34:58.600 ServerApp] wrote error: 'Kernel does not exist: 541fd5f5-def1-4dc3-8947-4cea98f7a281'
    Traceback (most recent call last):
      File "/cfs/earth/scratch/vollmflo/.conda/envs/ultralytics/lib/python3.13/site-packages/tornado/web.py", line 1859, in _execute
        result = await result
                 ^^^^^^^^^^^^
      File "/cfs/earth/scratch/vollmflo/.conda/envs/ultralytics/lib/python3.13/site-packages/jupyter_server/auth/decorator.py", line 73, in inner
        return await out
               ^^^^^^^^^
      File "/cfs/earth/scratch/vollmflo/.conda/envs/ultralytics/lib/python3.13/site-packages/jupyter_server/services/kernels/handlers.py", line 75, in get
        model = await ensure_async(km.kernel_model(kernel_id))
                                   ~~~~~~~~~~~~~~~^^^^^^^^^^^
      File "/cfs/earth/scratch/vollmflo/.conda/envs/ultralytics/lib/python3.13/site-packages/jupyter_server/services/kernels/kernelmanager.py", line 513, in kernel_model
        self._check_kernel_id(kernel_id)
        ~~~~~~~~~~~~~~~~~~~~~^^^^^^^^^^^
      File "/cfs/earth/scratch/vollmflo/.conda/envs/ultralytics/lib/python3.13/site-packages/jupyter_server/services/kernels/kernelmanager.py", line 544, in _check_kernel_id
        raise web.HTTPError(404, "Kernel does not exist: %s" % kernel_id)
    tornado.web.HTTPError: HTTP 404: Not Found (Kernel does not exist: 541fd5f5-def1-4dc3-8947-4cea98f7a281)
[W 2026-05-08 15:34:58.601 ServerApp] 404 GET /api/kernels/541fd5f5-def1-4dc3-8947-4cea98f7a281?1778247298596 (892ed0a17ec243d7a3830ac947322884@192.168.32.71) 2.43ms referer=None
[W 2026-05-08 15:35:01.908 ServerApp] 404 GET /api/kernels/541fd5f5-def1-4dc3-8947-4cea98f7a281/channels?session_id=fa7e0b18-ce20-43a2-ab71-9027a78a24fa (192.168.32.71): Kernel does not exist: 541fd5f5-def1-4dc3-8947-4cea98f7a281
[W 2026-05-08 15:35:01.911 ServerApp] 404 GET /api/kernels/541fd5f5-def1-4dc3-8947-4cea98f7a281/channels?session_id=fa7e0b18-ce20-43a2-ab71-9027a78a24fa (892ed0a17ec243d7a3830ac947322884@192.168.32.71) 4.03ms referer=None
[W 2026-05-08 15:35:01.914 ServerApp] 404 GET /api/kernels/541fd5f5-def1-4dc3-8947-4cea98f7a281?1778247301912 (192.168.32.71): Kernel does not exist: 541fd5f5-def1-4dc3-8947-4cea98f7a281
[W 2026-05-08 15:35:01.915 ServerApp] wrote error: 'Kernel does not exist: 541fd5f5-def1-4dc3-8947-4cea98f7a281'
    Traceback (most recent call last):
      File "/cfs/earth/scratch/vollmflo/.conda/envs/ultralytics/lib/python3.13/site-packages/tornado/web.py", line 1859, in _execute
        result = await result
                 ^^^^^^^^^^^^
      File "/cfs/earth/scratch/vollmflo/.conda/envs/ultralytics/lib/python3.13/site-packages/jupyter_server/auth/decorator.py", line 73, in inner
        return await out
               ^^^^^^^^^
      File "/cfs/earth/scratch/vollmflo/.conda/envs/ultralytics/lib/python3.13/site-packages/jupyter_server/services/kernels/handlers.py", line 75, in get
        model = await ensure_async(km.kernel_model(kernel_id))
                                   ~~~~~~~~~~~~~~~^^^^^^^^^^^
      File "/cfs/earth/scratch/vollmflo/.conda/envs/ultralytics/lib/python3.13/site-packages/jupyter_server/services/kernels/kernelmanager.py", line 513, in kernel_model
        self._check_kernel_id(kernel_id)
        ~~~~~~~~~~~~~~~~~~~~~^^^^^^^^^^^
      File "/cfs/earth/scratch/vollmflo/.conda/envs/ultralytics/lib/python3.13/site-packages/jupyter_server/services/kernels/kernelmanager.py", line 544, in _check_kernel_id
        raise web.HTTPError(404, "Kernel does not exist: %s" % kernel_id)
    tornado.web.HTTPError: HTTP 404: Not Found (Kernel does not exist: 541fd5f5-def1-4dc3-8947-4cea98f7a281)
[W 2026-05-08 15:35:01.918 ServerApp] 404 GET /api/kernels/541fd5f5-def1-4dc3-8947-4cea98f7a281?1778247301912 (892ed0a17ec243d7a3830ac947322884@192.168.32.71) 4.53ms referer=None
[W 2026-05-08 15:35:06.876 ServerApp] 404 GET /api/kernels/541fd5f5-def1-4dc3-8947-4cea98f7a281/channels?session_id=fa7e0b18-ce20-43a2-ab71-9027a78a24fa (192.168.32.71): Kernel does not exist: 541fd5f5-def1-4dc3-8947-4cea98f7a281
[W 2026-05-08 15:35:06.880 ServerApp] 404 GET /api/kernels/541fd5f5-def1-4dc3-8947-4cea98f7a281/channels?session_id=fa7e0b18-ce20-43a2-ab71-9027a78a24fa (892ed0a17ec243d7a3830ac947322884@192.168.32.71) 4.03ms referer=None
[W 2026-05-08 15:35:06.883 ServerApp] 404 GET /api/kernels/541fd5f5-def1-4dc3-8947-4cea98f7a281?1778247306880 (192.168.32.71): Kernel does not exist: 541fd5f5-def1-4dc3-8947-4cea98f7a281
[W 2026-05-08 15:35:06.884 ServerApp] wrote error: 'Kernel does not exist: 541fd5f5-def1-4dc3-8947-4cea98f7a281'
    Traceback (most recent call last):
      File "/cfs/earth/scratch/vollmflo/.conda/envs/ultralytics/lib/python3.13/site-packages/tornado/web.py", line 1859, in _execute
        result = await result
                 ^^^^^^^^^^^^
      File "/cfs/earth/scratch/vollmflo/.conda/envs/ultralytics/lib/python3.13/site-packages/jupyter_server/auth/decorator.py", line 73, in inner
        return await out
               ^^^^^^^^^
      File "/cfs/earth/scratch/vollmflo/.conda/envs/ultralytics/lib/python3.13/site-packages/jupyter_server/services/kernels/handlers.py", line 75, in get
        model = await ensure_async(km.kernel_model(kernel_id))
                                   ~~~~~~~~~~~~~~~^^^^^^^^^^^
      File "/cfs/earth/scratch/vollmflo/.conda/envs/ultralytics/lib/python3.13/site-packages/jupyter_server/services/kernels/kernelmanager.py", line 513, in kernel_model
        self._check_kernel_id(kernel_id)
        ~~~~~~~~~~~~~~~~~~~~~^^^^^^^^^^^
      File "/cfs/earth/scratch/vollmflo/.conda/envs/ultralytics/lib/python3.13/site-packages/jupyter_server/services/kernels/kernelmanager.py", line 544, in _check_kernel_id
        raise web.HTTPError(404, "Kernel does not exist: %s" % kernel_id)
    tornado.web.HTTPError: HTTP 404: Not Found (Kernel does not exist: 541fd5f5-def1-4dc3-8947-4cea98f7a281)
[W 2026-05-08 15:35:06.886 ServerApp] 404 GET /api/kernels/541fd5f5-def1-4dc3-8947-4cea98f7a281?1778247306880 (892ed0a17ec243d7a3830ac947322884@192.168.32.71) 2.94ms referer=None
[I 2026-05-08 15:35:15.687 ServerApp] Kernel started: 1ac0909e-f129-4acf-9023-a9858eeae765
[I 2026-05-08 15:35:17.732 ServerApp] Adapting from protocol version 5.3 (kernel 1ac0909e-f129-4acf-9023-a9858eeae765) to 5.4 (client).
[I 2026-05-08 15:35:17.733 ServerApp] Connecting to kernel 1ac0909e-f129-4acf-9023-a9858eeae765.
[W 2026-05-08 15:35:17.735 ServerApp] The websocket_ping_timeout (90000) cannot be longer than the websocket_ping_interval (30000).
    Setting websocket_ping_timeout=30000
[W 2026-05-08 15:53:46.008 ServerApp] IOPub data rate exceeded.
    The Jupyter server will temporarily stop sending output
    to the client in order to avoid crashing it.
    To change this limit, set the config variable
    `--ServerApp.iopub_data_rate_limit`.
    
    Current values:
    ServerApp.iopub_data_rate_limit=1000000.0 (bytes/sec)
    ServerApp.rate_limit_window=3.0 (secs)
    
[W 2026-05-08 15:53:46.471 ServerApp] iopub messages resumed
[I 2026-05-08 16:18:15.016 ServerApp] Starting buffering for 1ac0909e-f129-4acf-9023-a9858eeae765:98e97981-47b3-4948-801d-cce7d5294935
slurmstepd: error: *** JOB 322709 ON node301 CANCELLED AT 2026-05-08T16:18:21 ***
