[I 2026-05-25 09:52:59.978 ServerApp] Extension package jupyter_lsp took 0.6261s to import
[I 2026-05-25 09:53:00.232 ServerApp] Extension package jupyter_server_terminals took 0.2534s to import
[I 2026-05-25 09:53:00.985 ServerApp] jupyter_lsp | extension was successfully linked.
[I 2026-05-25 09:53:00.995 ServerApp] jupyter_server_terminals | extension was successfully linked.
[I 2026-05-25 09:53:01.005 ServerApp] jupyterlab | extension was successfully linked.
[I 2026-05-25 09:53:01.011 ServerApp] notebook | extension was successfully linked.
[I 2026-05-25 09:53:06.777 ServerApp] notebook_shim | extension was successfully linked.
[I 2026-05-25 09:53:07.143 ServerApp] notebook_shim | extension was successfully loaded.
[I 2026-05-25 09:53:07.146 ServerApp] jupyter_lsp | extension was successfully loaded.
[I 2026-05-25 09:53:07.149 ServerApp] jupyter_server_terminals | extension was successfully loaded.
[I 2026-05-25 09:53:07.161 LabApp] JupyterLab extension loaded from /cfs/earth/scratch/vollmflo/.conda/envs/ultralytics/lib/python3.13/site-packages/jupyterlab
[I 2026-05-25 09:53:07.162 LabApp] JupyterLab application directory is /cfs/earth/scratch/vollmflo/.conda/envs/ultralytics/share/jupyter/lab
[I 2026-05-25 09:53:07.165 LabApp] Extension Manager is 'pypi'.
[I 2026-05-25 09:53:07.292 ServerApp] jupyterlab | extension was successfully loaded.
[I 2026-05-25 09:53:07.301 ServerApp] notebook | extension was successfully loaded.
[I 2026-05-25 09:53:07.302 ServerApp] Serving notebooks from local directory: /cfs/earth/scratch/vollmflo/BA
[I 2026-05-25 09:53:07.303 ServerApp] Jupyter Server 2.17.0 is running at:
[I 2026-05-25 09:53:07.304 ServerApp] http://node301:8888/tree
[I 2026-05-25 09:53:07.304 ServerApp]     http://127.0.0.1:8888/tree
[I 2026-05-25 09:53:07.305 ServerApp] Use Control-C to stop this server and shut down all kernels (twice to skip confirmation).
[I 2026-05-25 09:53:07.546 ServerApp] Skipped non-installed server(s): basedpyright, bash-language-server, dockerfile-language-server-nodejs, javascript-typescript-langserver, jedi-language-server, julia-language-server, pyrefly, pyright, python-language-server, python-lsp-server, r-languageserver, sql-language-server, texlab, typescript-language-server, unified-language-server, vscode-css-languageserver-bin, vscode-html-languageserver-bin, vscode-json-languageserver-bin, yaml-language-server
[I 2026-05-25 09:54:14.033 ServerApp] 302 GET / (@192.168.32.71) 0.47ms
[I 2026-05-25 09:54:14.036 JupyterNotebookApp] 302 GET /tree? (@192.168.32.71) 0.43ms
[I 2026-05-25 09:54:21.676 ServerApp] User 1d1fb329f6b7486e8ce2bf6501dae0da logged in.
[I 2026-05-25 09:54:21.677 ServerApp] 302 POST /login? (1d1fb329f6b7486e8ce2bf6501dae0da@192.168.32.71) 180.79ms
[I 2026-05-25 09:54:50.182 ServerApp] Kernel started: 15b49061-1078-44dd-82a5-79b0dc9245d1
[I 2026-05-25 09:54:55.265 ServerApp] Adapting from protocol version 5.3 (kernel 15b49061-1078-44dd-82a5-79b0dc9245d1) to 5.4 (client).
[I 2026-05-25 09:54:55.266 ServerApp] Connecting to kernel 15b49061-1078-44dd-82a5-79b0dc9245d1.
[W 2026-05-25 09:54:55.268 ServerApp] The websocket_ping_timeout (90000) cannot be longer than the websocket_ping_interval (30000).
    Setting websocket_ping_timeout=30000
[W 2026-05-25 09:54:56.277 ServerApp] 404 GET /nbextensions/jupyter-js-widgets/extension.js (@192.168.32.71) 41.36ms referer=None
[W 2026-05-25 09:54:56.279 ServerApp] 404 GET /nbextensions/jupyter-js-widgets/extension.js (@192.168.32.71) 0.98ms referer=None
slurmstepd: error: *** JOB 337355 ON node301 CANCELLED AT 2026-05-25T11:30:26 ***
